Upotreba formalnog argumenta z metode sum, Var, int, 0, 1 na liniji 19
Upotreba formalnog argumenta d metode sum, Var, int, 1, 1 na liniji 19
Upotreba lokalne promenljive i metode sum, Var, int, 2, 1 na liniji 20
Upotreba formalnog argumenta inc metode inkrement, Var, int, 1, 1 na liniji 27
Upotreba konstante jedan, Con, int, 1, 0 na liniji 27
Upotreba lokalne promenljive pom metode inkrement, Var, int, 2, 1 na liniji 27
Upotreba formalnog argumenta inc metode inkrement, Var, int, 1, 1 na liniji 28
Upotreba lokalne promenljive pom metode inkrement, Var, int, 2, 1 na liniji 28
Upotreba formalnog argumenta a metode inkrement, Var, int, 0, 1 na liniji 28
Poziv metode sum, Meth, int, 0, 2 na liniji 30
Upotreba formalnog argumenta a metode inkrement, Var, int, 0, 1 na liniji 30
Upotreba lokalne promenljive pom metode inkrement, Var, int, 2, 1 na liniji 30
Upotreba promenljive ibool, Var, bool, 1, 0 na liniji 44
Upotreba promenljive i, Var, int, 0, 0 na liniji 45
Upotreba promenljive i, Var, int, 0, 0 na liniji 46
Upotreba promenljive i, Var, int, 0, 0 na liniji 47
Upotreba promenljive ibool, Var, bool, 1, 0 na liniji 47
Upotreba promenljive i, Var, int, 0, 0 na liniji 48
Upotreba promenljive ibool, Var, bool, 1, 0 na liniji 51
Upotreba promenljive i, Var, int, 0, 0 na liniji 52
Upotreba promenljive a, Var, int, 4, 0 na liniji 54
Upotreba promenljive niz, Var, arr of int, 3, 0 na liniji 55
Upotreba promenljive niz, Var, arr of int, 3, 0 na liniji 56
Pristup elementu niza niz na liniji 56
Upotreba promenljive a, Var, int, 4, 0 na liniji 56
Upotreba promenljive niz, Var, arr of int, 3, 0 na liniji 57
Pristup elementu niza niz na liniji 57
Upotreba promenljive a, Var, int, 4, 0 na liniji 57
Upotreba promenljive niz, Var, arr of int, 3, 0 na liniji 58
Pristup elementu niza niz na liniji 58
Poziv metode sum, Meth, int, 0, 2 na liniji 58
Upotreba promenljive niz, Var, arr of int, 3, 0 na liniji 58
Pristup elementu niza niz na liniji 58
Upotreba promenljive niz, Var, arr of int, 3, 0 na liniji 58
Pristup elementu niza niz na liniji 58
Upotreba promenljive a, Var, int, 4, 0 na liniji 58
Poziv metode verify, Meth, bool, 0, 0 na liniji 59
Upotreba promenljive niz, Var, arr of int, 3, 0 na liniji 59
Pristup elementu niza niz na liniji 59
Poziv metode ord, Meth, int, 0, 1 na liniji 59
Poziv metode ord, Meth, int, 0, 1 na liniji 60
Upotreba konstante eol, Con, char, 10, 0 na liniji 62
Upotreba promenljive i, Var, int, 0, 0 na liniji 63
Upotreba promenljive i, Var, int, 0, 0 na liniji 64
Upotreba promenljive i, Var, int, 0, 0 na liniji 65
Upotreba promenljive i, Var, int, 0, 0 na liniji 67
Upotreba promenljive i, Var, int, 0, 0 na liniji 70
Upotreba promenljive i, Var, int, 0, 0 na liniji 71
Poziv metode inkrement, Meth, int, 0, 2 na liniji 71
Upotreba promenljive i, Var, int, 0, 0 na liniji 71
Upotreba promenljive i, Var, int, 0, 0 na liniji 74
Poziv metode verify, Meth, bool, 0, 0 na liniji 74
Upotreba promenljive niz, Var, arr of int, 3, 0 na liniji 77
Pristup elementu niza niz na liniji 77
Upotreba promenljive niz, Var, arr of int, 3, 0 na liniji 78
Pristup elementu niza niz na liniji 78
Upotreba promenljive niz, Var, arr of int, 3, 0 na liniji 79
Pristup elementu niza niz na liniji 79
Upotreba konstante eol, Con, char, 10, 0 na liniji 80
Poziv metode sum, Meth, int, 0, 2 na liniji 81
Poziv metode sum, Meth, int, 0, 2 na liniji 81
Upotreba promenljive niz, Var, arr of int, 3, 0 na liniji 81
Pristup elementu niza niz na liniji 81
Upotreba promenljive niz, Var, arr of int, 3, 0 na liniji 81
Pristup elementu niza niz na liniji 81
Upotreba promenljive niz, Var, arr of int, 3, 0 na liniji 81
Pristup elementu niza niz na liniji 81
Upotreba konstante eol, Con, char, 10, 0 na liniji 83
Poziv metode inkrement, Meth, int, 0, 2 na liniji 84
Upotreba promenljive niz, Var, arr of int, 3, 0 na liniji 84
Pristup elementu niza niz na liniji 84
Upotreba promenljive a, Var, int, 4, 0 na liniji 86
Upotreba promenljive i, Var, int, 0, 0 na liniji 87
Upotreba promenljive i, Var, int, 0, 0 na liniji 88
Upotreba promenljive niz, Var, arr of int, 3, 0 na liniji 89
Upotreba promenljive i, Var, int, 0, 0 na liniji 89
Pristup elementu niza niz na liniji 89
Upotreba promenljive niz, Var, arr of int, 3, 0 na liniji 89
Upotreba promenljive i, Var, int, 0, 0 na liniji 89
Pristup elementu niza niz na liniji 89
Upotreba promenljive a, Var, int, 4, 0 na liniji 89
Upotreba promenljive i, Var, int, 0, 0 na liniji 90
Upotreba promenljive niz, Var, arr of int, 3, 0 na liniji 93
Upotreba promenljive curr, Var, int, 5, 0 na liniji 93
Upotreba konstante eol, Con, char, 10, 0 na liniji 94
Upotreba promenljive niz2, Var, int, 2, 0 na liniji 96
Upotreba promenljive niz, Var, arr of int, 3, 0 na liniji 97
Upotreba promenljive niz2, Var, int, 2, 0 na liniji 98
Upotreba promenljive niz2, Var, int, 2, 0 na liniji 98
Upotreba promenljive curr, Var, int, 5, 0 na liniji 98
Upotreba promenljive curr, Var, int, 5, 0 na liniji 98
Upotreba promenljive niz2, Var, int, 2, 0 na liniji 100
=====================SYMBOL TABLE DUMP=========================
Type int: int, -1, -1 
Type char: char, -1, -1 
Con eol: char, 10, 0 
Con null: Class [], 0, 0 
Meth chr: char, 13, 1 
   Var i: int, 0, 1 

Meth ord: int, 7, 1 
   Var ch: char, 0, 1 

Meth len: int, 0, 1 
   Var arr: Arr of notype, 0, 1 

Type bool: , 0, 1 
Prog test302: notype, 0, 1 
   Con jedan: int, 1, 0 
   Var i: int, 0, 0 
   Var ibool: , 1, 0 
   Var niz2: int, 2, 0 
   Var niz: Arr of int, 3, 0 
   Var a: int, 4, 0 
   Var curr: int, 5, 0 
   Meth sum: int, 19, 2 
      Var z: int, 0, 1 
      Var d: int, 1, 1 
      Var i: int, 2, 1 

   Meth inkrement: int, 33, 2 
      Var a: int, 0, 1 
      Var inc: int, 1, 1 
      Var pom: int, 2, 1 

   Meth verify: , 68, 0 

   Meth main: notype, 83, 0 



